{"synthetic": false,
 "schemaVersion": "2025-09-10",
 "outputs":
 {"o": ["72f934577bc4991f.olean"],
  "m": false,
  "i": "cacf9b69f91a7ff1.ilean",
  "c": "bbb25319138ee192.c"},
 "log":
 [{"message":
   ".> LEAN_PATH=/media/citizen/b361d448-7c51-413a-aa23-9515cb626930/home/citizen/Multiplicity/packages/multiplicity-crypto/.lake/build/lib/lean /home/citizen/.elan/toolchains/leanprover--lean4---v4.34.0-rc2/bin/lean /media/citizen/b361d448-7c51-413a-aa23-9515cb626930/home/citizen/Multiplicity/packages/multiplicity-crypto/lean/MultiplicityCrypto/Protocol.lean -o /media/citizen/b361d448-7c51-413a-aa23-9515cb626930/home/citizen/Multiplicity/packages/multiplicity-crypto/.lake/build/lib/lean/MultiplicityCrypto/Protocol.olean -i /media/citizen/b361d448-7c51-413a-aa23-9515cb626930/home/citizen/Multiplicity/packages/multiplicity-crypto/.lake/build/lib/lean/MultiplicityCrypto/Protocol.ilean -c /media/citizen/b361d448-7c51-413a-aa23-9515cb626930/home/citizen/Multiplicity/packages/multiplicity-crypto/.lake/build/ir/MultiplicityCrypto/Protocol.c --setup /media/citizen/b361d448-7c51-413a-aa23-9515cb626930/home/citizen/Multiplicity/packages/multiplicity-crypto/.lake/build/ir/MultiplicityCrypto/Protocol.setup.json --json",
   "level": "trace"}],
 "inputs":
 [["deps",
   [["«multiplicity-crypto»/MultiplicityCrypto:extraDep",
     [["@«multiplicity-crypto»:extraDep", "00000000000006bb"]]],
    ["imports", "00000000000006bb"]]],
  ["libs",
   [["import dynlibs", "00000000000006bb"],
    ["package external libraries", "00000000000006bb"],
    ["module dynlibs", "00000000000006bb"],
    ["module plugins", "00000000000006bb"]]],
  ["Lean 4.34.0, commit 6a10ac8c22beadecabdbb0919c2b50214762f91d",
   "365244c167ac8c1d"],
  ["/media/citizen/b361d448-7c51-413a-aa23-9515cb626930/home/citizen/Multiplicity/packages/multiplicity-crypto/lean/MultiplicityCrypto/Protocol.lean",
   "7dcdb77edef4f4ce"],
  ["options", "00000000000006bb"],
  ["isModule: false", "feefd2a0d3a1847e"],
  ["Module.name: MultiplicityCrypto.Protocol", "8a40851971e53c2c"],
  ["Package.id?: (some multiplicity-crypto)", "2473d83edf990345"],
  ["Module.leanArgs: #[]", "00000000000006bb"]],
 "depHash": "5efff2e78d67de6b"}